[17:20:42.899] Server listening on port 49341, PID 26464
[17:20:42.986] readProjectFiles, Found 19 files to read.
[17:20:43.009] Starting PAI Cloud Dev...
[17:20:43.252] [PAI SDK] createCloudSession response: {
  "code": 0,
  "msg": "success",
  "sandboxId": "vefaas-f0vkicge-pyw70jixna-d8h8ncg2im59f5hb6fng-sandbox",
  "endpoint": "https://sd62opo6oqou1ckhsuo00.apigateway-cn-beijing.volceapi.com"
}
[17:20:43.599] [PAI SDK] cloudServer.start called, appId: pai-preview-trae-eb8848c6
[17:20:43.936] [PAI SDK] Received event: log {"content":"\n> taro_template@1.0.0 dev:h5\n> npm run build:h5 -- --watch\n\n\n> taro_template@1.0.0 build:h5\n> taro build --type h5 --watch\n\n","timestamp":1780651243615}
[17:20:44.151] [PAI SDK] Received event: log {"content":"👽 Taro v4.1.9\n\n","timestamp":1780651243831}
[17:20:45.025] [PAI SDK] Received event: log {"content":"Tips:\n1. 建议开启持久化缓存功能，能有效提升二次编译速度，详情请参考: https://docs.taro.zone/docs/config-detail#cache。\n\n\n","timestamp":1780651244704}
[17:20:46.529] [PAI SDK] Received event: log {"content":"ℹ 预览端口 10086 被占用, 自动切换到空闲端口 10087\n","timestamp":1780651246205}
[17:20:46.714] [PAI SDK] Received event: log {"content":"- 即将开始启动编译，请稍等~\n","timestamp":1780651246394}
[17:20:52.464] [Preview Server] Frontend connected, clients size = 1
[17:20:58.814] [PAI SDK] Received event: log {"content":"⚠️  编译警告. 6/5/2026, 5:20:58 PM\n\n","timestamp":1780651258493}
[17:20:58.815] [PAI SDK] cloudServer.start response: {
  "status": "running",
  "msg": "Cloud Server started successfully.",
  "hash": "pai-preview-trae-eb8848c6"
}
[17:37:23.767] [AuthCredentials] read failed: ENOENT: no such file or directory, open 'D:\trae_project\Random_Number\.auth\auth.json'
[17:38:20.736] [AuthConfig] update weapp config: appid=wx319e4f453057485a
[17:38:20.739] [AuthConfig] .auth/auth.json not found, creating new one
[17:38:20.741] [AuthConfig] weapp private key saved: .auth/private.wx319e4f453057485a.key
[17:38:20.743] [AuthConfig] .auth/auth.json updated successfully
[17:38:21.238] [AuthCredentials] injected weapp auth for generate_mini_preview
[17:38:21.238] [PAI SDK] cloudServer.generateMiniPreview called, platform: weapp hash: pai-preview-trae-eb8848c6
[17:38:25.714] [PAI SDK] Received event: log {"content":"⚠️  编译警告. 6/5/2026, 5:38:25 PM\n\n","timestamp":1780652305397}
[17:38:26.101] [PAI SDK] Received event: log {"content":"\n● Webpack █████████████████████████  (0%)  \n \n\n","timestamp":1780652305783}
[17:38:26.159] [PAI SDK] Received event: log {"content":"\u001b[2K\u001b[1A\u001b[2K\u001b[1A\u001b[2K\u001b[1A\u001b[2K\u001b[1A\u001b[2K\u001b[G\n● Webpack █████████████████████████ building (10%) 0/6 entries 6/6 dependencie\ns 0/6 modules 1 active \n babel-loader › src/app.config.ts\n\n","timestamp":1780652305841}
[17:38:26.873] [PAI SDK] Received event: log {"content":"\u001b[2K\u001b[1A\u001b[2K\u001b[1A\u001b[2K\u001b[1A\u001b[2K\u001b[1A\u001b[2K\u001b[1A\u001b[2K\u001b[G\n● Webpack █████████████████████████ building (10%) 0/6 entries 6/6 dependencie\ns 1/6 modules 5 active \n ...682a4330bd/node_modules/@tarojs/webpack5-runner/dist/template/custom-wrapp\ner.js\n\n","timestamp":1780652306556}
[17:38:26.964] [PAI SDK] Received event: log {"content":"\u001b[2K\u001b[1A\u001b[2K\u001b[1A\u001b[2K\u001b[1A\u001b[2K\u001b[1A\u001b[2K\u001b[1A\u001b[2K\u001b[1A\u001b[2K\u001b[G\n● Webpack █████████████████████████ building (28%) 2/6 entries 8/18 dependenci\nes 2/8 modules 5 active \n taro-loader › src/app.tsx\n\n","timestamp":1780652306646}
[17:38:27.043] [PAI SDK] Received event: log {"content":"\u001b[2K\u001b[1A\u001b[2K\u001b[1A\u001b[2K\u001b[1A\u001b[2K\u001b[1A\u001b[2K\u001b[1A\u001b[2K\u001b[G\n● Webpack █████████████████████████ building (28%) 2/6 entries 13/27 dependenc\nies 2/13 modules 7 active \n ...@tarojs+shared@4.1.9/node_modules/@tarojs/plugin-platform-weapp/dist/runti\nme.js\n\n","timestamp":1780652306725}
[17:38:27.100] [PAI SDK] Received event: log {"content":"\u001b[2K\u001b[1A\u001b[2K\u001b[1A\u001b[2K\u001b[1A\u001b[2K\u001b[1A\u001b[2K\u001b[1A\u001b[2K\u001b[1A\u001b[2K\u001b[G\n● Webpack █████████████████████████ building (28%) 2/6 entries 13/28 dependenc\nies 2/13 modules 11 active \n ...s-loader › resolve-url-loader › sass-loader › src/pages/index/index.module\n.scss\n\n","timestamp":1780652306782}
[17:38:27.618] [PAI SDK] Received event: log {"content":"\u001b[2K\u001b[1A\u001b[2K\u001b[1A\u001b[2K\u001b[1A\u001b[2K\u001b[1A\u001b[2K\u001b[1A\u001b[2K\u001b[1A\u001b[2K\u001b[G\n● Webpack █████████████████████████ building (28%) 2/6 entries 21/31 dependenc\nies 2/18 modules 16 active \n ...m/@tarojs+react@4.1.9_react@18.3.1/node_modules/@tarojs/react/dist/react.e\nsm.js\n\n","timestamp":1780652307301}
[17:38:27.872] [PAI SDK] Received event: log {"content":"\u001b[2K\u001b[1A\u001b[2K\u001b[1A\u001b[2K\u001b[1A\u001b[2K\u001b[1A\u001b[2K\u001b[1A\u001b[2K\u001b[1A\u001b[2K\u001b[G\n● Webpack █████████████████████████ building (28%) 2/6 entries 38/58 dependenc\nies 3/25 modules 21 active \n ...bel+runtime@7.29.2/node_modules/@babel/runtime/helpers/esm/toConsumableArr\nay.js\n\n","timestamp":1780652307555}
[17:38:27.929] [PAI SDK] Received event: log {"content":"\u001b[2K\u001b[1A\u001b[2K\u001b[1A\u001b[2K\u001b[1A\u001b[2K\u001b[1A\u001b[2K\u001b[1A\u001b[2K\u001b[1A\u001b[2K\u001b[G\n● Webpack █████████████████████████ building (28%) 2/6 entries 48/101 dependen\ncies 5/32 modules 21 active \n ...bel+runtime@7.29.2/node_modules/@babel/runtime/helpers/esm/arrayWithoutHol\nes.js\n\n","timestamp":1780652307612}
[17:38:28.690] [PAI SDK] Received event: log {"content":"\u001b[2K\u001b[1A\u001b[2K\u001b[1A\u001b[2K\u001b[1A\u001b[2K\u001b[1A\u001b[2K\u001b[1A\u001b[2K\u001b[1A\u001b[2K\u001b[G\n● Webpack █████████████████████████ building (28%) 2/6 entries 93/104 dependen\ncies 11/71 modules 59 active \n ....pnpm/@tarojs+runtime@4.1.9/node_modules/@tarojs/runtime/dist/polyfill/ind\nex.js\n\n","timestamp":1780652308372}
[17:38:28.749] [PAI SDK] Received event: log {"content":"\u001b[2K\u001b[1A\u001b[2K\u001b[1A\u001b[2K\u001b[1A\u001b[2K\u001b[1A\u001b[2K\u001b[1A\u001b[2K\u001b[1A\u001b[2K\u001b[G\n● Webpack █████████████████████████ building (28%) 2/6 entries 222/286 depende\nncies 23/82 modules 49 active \n .../@babel+runtime@7.29.2/node_modules/@babel/runtime/helpers/esm/toPropertyK\ney.js\n\n","timestamp":1780652308432}
[17:38:29.193] [PAI SDK] Received event: log {"content":"\u001b[2K\u001b[1A\u001b[2K\u001b[1A\u001b[2K\u001b[1A\u001b[2K\u001b[1A\u001b[2K\u001b[1A\u001b[2K\u001b[1A\u001b[2K\u001b[G\n● Webpack █████████████████████████ building (28%) 2/6 entries 277/329 depende\nncies 39/95 modules 52 active \n ...pm/@babel+runtime@7.29.2/node_modules/@babel/runtime/helpers/esm/toPrimiti\nve.js\n\n","timestamp":1780652308876}
[17:38:29.291] [PAI SDK] Received event: log {"content":"\u001b[2K\u001b[1A\u001b[2K\u001b[1A\u001b[2K\u001b[1A\u001b[2K\u001b[1A\u001b[2K\u001b[1A\u001b[2K\u001b[1A\u001b[2K\u001b[G\n● Webpack █████████████████████████ building (28%) 2/6 entries 317/329 depende\nncies 40/98 modules 58 active \n ...de_modules/.pnpm/@tarojs+shared@4.1.9/node_modules/@tarojs/shared/dist/ind\nex.js\n\n","timestamp":1780652308973}
[17:38:29.457] [PAI SDK] Received event: log {"content":"\u001b[2K\u001b[1A\u001b[2K\u001b[1A\u001b[2K\u001b[1A\u001b[2K\u001b[1A\u001b[2K\u001b[1A\u001b[2K\u001b[1A\u001b[2K\u001b[G\n● Webpack █████████████████████████ building (28%) 2/6 entries 352/371 depende\nncies 50/108 modules 56 active \n ...runtime@4.1.9/node_modules/@tarojs/runtime/dist/dom-external/inner-html/ta\ngs.js\n\n","timestamp":1780652309140}
[17:38:29.641] [PAI SDK] Received event: log {"content":"\u001b[2K\u001b[1A\u001b[2K\u001b[1A\u001b[2K\u001b[1A\u001b[2K\u001b[1A\u001b[2K\u001b[1A\u001b[2K\u001b[1A\u001b[2K\u001b[G\n● Webpack █████████████████████████ building (28%) 2/6 entries 380/383 depende\nncies 54/124 modules 62 active \n ...dules/.pnpm/@tarojs+shared@4.1.9/node_modules/@tarojs/shared/dist/componen\nts.js\n\n","timestamp":1780652309323}
[17:38:29.950] [PAI SDK] Received event: log {"content":"\u001b[2K\u001b[1A\u001b[2K\u001b[1A\u001b[2K\u001b[1A\u001b[2K\u001b[1A\u001b[2K\u001b[1A\u001b[2K\u001b[1A\u001b[2K\u001b[G\n● Webpack █████████████████████████ building (28%) 2/6 entries 411/417 depende\nncies 98/125 modules 27 active \n ...act@18.3.1/node_modules/react-reconciler/cjs/react-reconciler.production.m\nin.js\n\n","timestamp":1780652309629}
[17:38:30.095] [PAI SDK] Received event: log {"content":"\u001b[2K\u001b[1A\u001b[2K\u001b[1A\u001b[2K\u001b[1A\u001b[2K\u001b[1A\u001b[2K\u001b[1A\u001b[2K\u001b[1A\u001b[2K\u001b[G\n● Webpack █████████████████████████ building (46%) 4/6 entries 420/423 depende\nncies 115/129 modules 14 active \n ...e@4.1.9_@tarojs+shared@4.1.9/node_modules/@tarojs/api/dist/interceptor/ind\nex.js\n\n","timestamp":1780652309778}
[17:38:30.198] [PAI SDK] Received event: log {"content":"\u001b[2K\u001b[1A\u001b[2K\u001b[1A\u001b[2K\u001b[1A\u001b[2K\u001b[1A\u001b[2K\u001b[1A\u001b[2K\u001b[1A\u001b[2K\u001b[G\n● Webpack █████████████████████████ building (46%) 4/6 entries 431/431 depende\nncies 124/134 modules 9 active \n ...ore@1.3.96_postcss@8.5.14_/node_modules/css-loader/dist/runtime/noSourceMa\nps.js\n\n","timestamp":1780652309881}
[17:38:30.269] [PAI SDK] Received event: log {"content":"\u001b[2K\u001b[1A\u001b[2K\u001b[1A\u001b[2K\u001b[1A\u001b[2K\u001b[1A\u001b[2K\u001b[1A\u001b[2K\u001b[1A\u001b[2K\u001b[G\n● Webpack █████████████████████████ building (55%) 5/6 entries 436/436 depende\nncies 132/135 modules 3 active \n ...s-loader › resolve-url-loader › sass-loader › src/pages/index/index.module\n.scss\n\n","timestamp":1780652309952}
[17:38:30.321] [PAI SDK] Received event: log {"content":"\u001b[2K\u001b[1A\u001b[2K\u001b[1A\u001b[2K\u001b[1A\u001b[2K\u001b[1A\u001b[2K\u001b[1A\u001b[2K\u001b[1A\u001b[2K\u001b[G\n● Webpack █████████████████████████ sealing (76%)  \n after chunk optimization\n\n","timestamp":1780652310004}
[17:38:30.377] [PAI SDK] Received event: log {"content":"\u001b[2K\u001b[1A\u001b[2K\u001b[1A\u001b[2K\u001b[1A\u001b[2K\u001b[1A\u001b[2K\u001b[G\n● Webpack █████████████████████████ sealing (87%)  \n code generation\n\n","timestamp":1780652310060}
[17:38:30.524] [PAI SDK] Received event: log {"content":"\u001b[2K\u001b[1A\u001b[2K\u001b[1A\u001b[2K\u001b[1A\u001b[2K\u001b[1A\u001b[2K\u001b[G\n● Webpack █████████████████████████ sealing (88%)  \n runtime requirements\n\n","timestamp":1780652310207}
[17:38:32.691] [PAI SDK] Received event: log {"content":"\u001b[2K\u001b[1A\u001b[2K\u001b[1A\u001b[2K\u001b[1A\u001b[2K\u001b[1A\u001b[2K\u001b[G\n● Webpack █████████████████████████ sealing (92%) asset processing \n CssMinimizerPlugin\n\n","timestamp":1780652312373}
[17:38:33.095] [PAI SDK] Received event: log {"content":"\u001b[2K\u001b[1A\u001b[2K\u001b[1A\u001b[2K\u001b[1A\u001b[2K\u001b[1A\u001b[2K\u001b[G\n● Webpack █████████████████████████ sealing (92%) asset processing \n RealContentHashPlugin\n\n","timestamp":1780652312778}
[17:38:33.106] [PAI SDK] Received event: log {"content":"\u001b[2K\u001b[1A\u001b[2K\u001b[1A\u001b[2K\u001b[1A\u001b[2K\u001b[1A\u001b[2K\u001b[G\n✔ Webpack\n  Compiled successfully in 6.99s\n\n","timestamp":1780652312789}
[17:38:39.497] [PAI SDK] Received event: mini_preview_error {"platform":"weapp","message":"生成二维码失败: Error: {\"errCode\":-10008,\"errMsg\":\"invalid ip: 180.184.99.116, reference: https://developers.weixin.qq.com/miniprogram/dev/devtools/ci.html\"}","buildId":"2026.06.05_17.38.20.962","timestamp":1780652319179}
[17:38:39.499] [PAI SDK] Received event: mini_preview_error {"platform":"weapp","message":"preview failed: 0","buildId":"2026.06.05_17.38.20.962","timestamp":1780652319182}
[17:38:39.500] [PAI SDK] cloudServer.generateMiniPreview response: {
  "ok": true
}
[17:38:49.994] [Preview Server] Frontend disconnected, clients size = 1
[17:38:50.052] [Preview Server] Frontend connected, clients size = 1
[17:38:50.052] Sending cached status to new connection, lastStatusMessage = {"event":"status_change","message":{"url":"https://sd62opo6oqou1ckhsuo00.apigateway-cn-beijing.volceapi.com/?faasInstanceName=vefaas-f0vkicge-pyw70jixna-d8h8ncg2im59f5hb6fng-sandbox&hash=pai-preview-trae-eb8848c6","schema":"aipa://preview?type=pai&aipa_id=pai-preview-trae-eb8848c6&uuid=8b346fae-d455-4c60-8125-c5ed3f2bf701","status":"running","msg":"Cloud Server started successfully.","framework":"taro"}}
[17:39:03.861] [Preview Server] Frontend disconnected, clients size = 1
[17:39:03.908] [Preview Server] Frontend connected, clients size = 1
[17:39:03.909] Sending cached status to new connection, lastStatusMessage = {"event":"status_change","message":{"url":"https://sd62opo6oqou1ckhsuo00.apigateway-cn-beijing.volceapi.com/?faasInstanceName=vefaas-f0vkicge-pyw70jixna-d8h8ncg2im59f5hb6fng-sandbox&hash=pai-preview-trae-eb8848c6","schema":"aipa://preview?type=pai&aipa_id=pai-preview-trae-eb8848c6&uuid=8b346fae-d455-4c60-8125-c5ed3f2bf701","status":"running","msg":"Cloud Server started successfully.","framework":"taro"}}
[17:39:21.891] [Preview Server] Frontend connected, clients size = 2
[17:39:21.891] Sending cached status to new connection, lastStatusMessage = {"event":"status_change","message":{"url":"https://sd62opo6oqou1ckhsuo00.apigateway-cn-beijing.volceapi.com/?faasInstanceName=vefaas-f0vkicge-pyw70jixna-d8h8ncg2im59f5hb6fng-sandbox&hash=pai-preview-trae-eb8848c6","schema":"aipa://preview?type=pai&aipa_id=pai-preview-trae-eb8848c6&uuid=8b346fae-d455-4c60-8125-c5ed3f2bf701","status":"running","msg":"Cloud Server started successfully.","framework":"taro"}}
[17:39:26.020] [AuthCredentials] injected weapp auth for generate_mini_preview
[17:39:26.020] [PAI SDK] cloudServer.generateMiniPreview called, platform: weapp hash: pai-preview-trae-eb8848c6
[17:39:30.010] [PAI SDK] Received event: log {"content":"⚠️  编译警告. 6/5/2026, 5:39:29 PM\n\n","timestamp":1780652369692}
[17:39:30.554] [PAI SDK] Received event: log {"content":"\n● Webpack █████████████████████████  (0%)  \n \n\n","timestamp":1780652370236}
[17:39:30.692] [PAI SDK] Received event: log {"content":"\u001b[2K\u001b[1A\u001b[2K\u001b[1A\u001b[2K\u001b[1A\u001b[2K\u001b[1A\u001b[2K\u001b[G\n● Webpack █████████████████████████ building (10%) 0/6 entries 6/6 dependencie\ns 0/6 modules 1 active \n babel-loader › src/app.config.ts\n\n","timestamp":1780652370374}
[17:39:30.742] [PAI SDK] Received event: log {"content":"\u001b[2K\u001b[1A\u001b[2K\u001b[1A\u001b[2K\u001b[1A\u001b[2K\u001b[1A\u001b[2K\u001b[1A\u001b[2K\u001b[G\n● Webpack █████████████████████████ building (10%) 0/6 entries 6/6 dependencie\ns 0/6 modules 2 active \n babel-loader › src/app.tsx\n\n","timestamp":1780652370425}
[17:39:31.370] [PAI SDK] Received event: log {"content":"\u001b[2K\u001b[1A\u001b[2K\u001b[1A\u001b[2K\u001b[1A\u001b[2K\u001b[1A\u001b[2K\u001b[1A\u001b[2K\u001b[G\n● Webpack █████████████████████████ building (10%) 0/6 entries 6/6 dependencie\ns 1/6 modules 5 active \n ...682a4330bd/node_modules/@tarojs/webpack5-runner/dist/template/custom-wrapp\ner.js\n\n","timestamp":1780652371050}
[17:39:31.417] [PAI SDK] Received event: log {"content":"\u001b[2K\u001b[1A\u001b[2K\u001b[1A\u001b[2K\u001b[1A\u001b[2K\u001b[1A\u001b[2K\u001b[1A\u001b[2K\u001b[1A\u001b[2K\u001b[G\n● Webpack █████████████████████████ building (28%)  \n ...core@1.3.96_postcss@8.5.14_/node_modules/mini-css-extract-plugin/dist/load\ner.js\n\n","timestamp":1780652371100}
[17:39:31.482] [PAI SDK] Received event: log {"content":"\u001b[2K\u001b[1A\u001b[2K\u001b[1A\u001b[2K\u001b[1A\u001b[2K\u001b[1A\u001b[2K\u001b[1A\u001b[2K\u001b[G\n● Webpack █████████████████████████ building (28%) 2/6 entries 17/28 dependenc\nies 2/15 modules 8 active \n ...s-loader › resolve-url-loader › sass-loader › src/pages/index/index.module\n.scss\n\n","timestamp":1780652371165}
[17:39:31.977] [PAI SDK] Received event: log {"content":"\u001b[2K\u001b[1A\u001b[2K\u001b[1A\u001b[2K\u001b[1A\u001b[2K\u001b[1A\u001b[2K\u001b[1A\u001b[2K\u001b[1A\u001b[2K\u001b[G\n● Webpack █████████████████████████ building (28%) 2/6 entries 21/31 dependenc\nies 2/18 modules 16 active \n ...m/@tarojs+react@4.1.9_react@18.3.1/node_modules/@tarojs/react/dist/react.e\nsm.js\n\n","timestamp":1780652371658}
[17:39:32.180] [PAI SDK] Received event: log {"content":"\u001b[2K\u001b[1A\u001b[2K\u001b[1A\u001b[2K\u001b[1A\u001b[2K\u001b[1A\u001b[2K\u001b[1A\u001b[2K\u001b[1A\u001b[2K\u001b[G\n● Webpack █████████████████████████ building (28%) 2/6 entries 38/49 dependenc\nies 3/25 modules 21 active \n ...bel+runtime@7.29.2/node_modules/@babel/runtime/helpers/esm/toConsumableArr\nay.js\n\n","timestamp":1780652371853}
[17:39:32.275] [PAI SDK] Received event: log {"content":"\u001b[2K\u001b[1A\u001b[2K\u001b[1A\u001b[2K\u001b[1A\u001b[2K\u001b[1A\u001b[2K\u001b[1A\u001b[2K\u001b[1A\u001b[2K\u001b[G\n● Webpack █████████████████████████ building (28%) 2/6 entries 48/101 dependen\ncies 5/32 modules 21 active \n ...bel+runtime@7.29.2/node_modules/@babel/runtime/helpers/esm/arrayWithoutHol\nes.js\n\n","timestamp":1780652371958}
[17:39:33.027] [PAI SDK] Received event: log {"content":"\u001b[2K\u001b[1A\u001b[2K\u001b[1A\u001b[2K\u001b[1A\u001b[2K\u001b[1A\u001b[2K\u001b[1A\u001b[2K\u001b[1A\u001b[2K\u001b[G\n● Webpack █████████████████████████ building (28%) 2/6 entries 93/105 dependen\ncies 11/71 modules 60 active \n ...abel+runtime@7.29.2/node_modules/@babel/runtime/helpers/esm/arrayLikeToArr\nay.js\n\n","timestamp":1780652372700}
[17:39:33.119] [PAI SDK] Received event: log {"content":"\u001b[2K\u001b[1A\u001b[2K\u001b[1A\u001b[2K\u001b[1A\u001b[2K\u001b[1A\u001b[2K\u001b[1A\u001b[2K\u001b[1A\u001b[2K\u001b[G\n● Webpack █████████████████████████ building (28%) 2/6 entries 166/286 depende\nncies 22/76 modules 49 active \n ....pnpm/@tarojs+runtime@4.1.9/node_modules/@tarojs/runtime/dist/polyfill/ind\nex.js\n\n","timestamp":1780652372795}
[17:39:33.206] [PAI SDK] Received event: log {"content":"\u001b[2K\u001b[1A\u001b[2K\u001b[1A\u001b[2K\u001b[1A\u001b[2K\u001b[1A\u001b[2K\u001b[1A\u001b[2K\u001b[1A\u001b[2K\u001b[G\n● Webpack █████████████████████████ building (28%) 2/6 entries 226/286 depende\nncies 28/83 modules 44 active \n .../@babel+runtime@7.29.2/node_modules/@babel/runtime/helpers/esm/toPropertyK\ney.js\n\n","timestamp":1780652372879}
[17:39:33.653] [PAI SDK] Received event: log {"content":"\u001b[2K\u001b[1A\u001b[2K\u001b[1A\u001b[2K\u001b[1A\u001b[2K\u001b[1A\u001b[2K\u001b[1A\u001b[2K\u001b[1A\u001b[2K\u001b[G\n● Webpack █████████████████████████ building (28%) 2/6 entries 287/329 depende\nncies 40/97 modules 51 active \n ...pm/@babel+runtime@7.29.2/node_modules/@babel/runtime/helpers/esm/toPrimiti\nve.js\n\n","timestamp":1780652373334}
[17:39:33.747] [PAI SDK] Received event: log {"content":"\u001b[2K\u001b[1A\u001b[2K\u001b[1A\u001b[2K\u001b[1A\u001b[2K\u001b[1A\u001b[2K\u001b[1A\u001b[2K\u001b[1A\u001b[2K\u001b[G\n● Webpack █████████████████████████ building (28%) 2/6 entries 320/349 depende\nncies 43/100 modules 56 active \n ...m/@babel+runtime@7.29.2/node_modules/@babel/runtime/helpers/esm/superPropG\net.js\n\n","timestamp":1780652373430}
[17:39:33.901] [PAI SDK] Received event: log {"content":"\u001b[2K\u001b[1A\u001b[2K\u001b[1A\u001b[2K\u001b[1A\u001b[2K\u001b[1A\u001b[2K\u001b[1A\u001b[2K\u001b[1A\u001b[2K\u001b[G\n● Webpack █████████████████████████ building (28%) 2/6 entries 345/363 depende\nncies 48/107 modules 59 active \n ...arojs+runtime@4.1.9_@tarojs+shared@4.1.9/node_modules/@tarojs/api/dist/ind\nex.js\n\n","timestamp":1780652373583}
[17:39:34.048] [PAI SDK] Received event: log {"content":"\u001b[2K\u001b[1A\u001b[2K\u001b[1A\u001b[2K\u001b[1A\u001b[2K\u001b[1A\u001b[2K\u001b[1A\u001b[2K\u001b[1A\u001b[2K\u001b[G\n● Webpack █████████████████████████ building (28%) 2/6 entries 371/383 depende\nncies 54/115 modules 61 active \n ...115d5256b2475a3/node_modules/.pnpm/tslib@2.8.1/node_modules/tslib/tslib.es\n6.mjs\n\n","timestamp":1780652373730}
[17:39:34.319] [PAI SDK] Received event: log {"content":"\u001b[2K\u001b[1A\u001b[2K\u001b[1A\u001b[2K\u001b[1A\u001b[2K\u001b[1A\u001b[2K\u001b[1A\u001b[2K\u001b[1A\u001b[2K\u001b[G\n● Webpack █████████████████████████ building (28%) 2/6 entries 411/417 depende\nncies 98/125 modules 27 active \n ...act@18.3.1/node_modules/react-reconciler/cjs/react-reconciler.production.m\nin.js\n\n","timestamp":1780652373994}
[17:39:34.368] [PAI SDK] Received event: log {"content":"\u001b[2K\u001b[1A\u001b[2K\u001b[1A\u001b[2K\u001b[1A\u001b[2K\u001b[1A\u001b[2K\u001b[1A\u001b[2K\u001b[1A\u001b[2K\u001b[G\n● Webpack █████████████████████████ building (46%) 4/6 entries 424/426 depende\nncies 116/130 modules 14 active \n ...e@4.1.9_@tarojs+shared@4.1.9/node_modules/@tarojs/api/dist/interceptor/ind\nex.js\n\n","timestamp":1780652374049}
[17:39:34.454] [PAI SDK] Received event: log {"content":"\u001b[2K\u001b[1A\u001b[2K\u001b[1A\u001b[2K\u001b[1A\u001b[2K\u001b[1A\u001b[2K\u001b[1A\u001b[2K\u001b[1A\u001b[2K\u001b[G\n● Webpack █████████████████████████ building (46%) 4/6 entries 431/431 depende\nncies 124/134 modules 9 active \n ...ore@1.3.96_postcss@8.5.14_/node_modules/css-loader/dist/runtime/noSourceMa\nps.js\n\n","timestamp":1780652374135}
[17:39:34.516] [PAI SDK] Received event: log {"content":"\u001b[2K\u001b[1A\u001b[2K\u001b[1A\u001b[2K\u001b[1A\u001b[2K\u001b[1A\u001b[2K\u001b[1A\u001b[2K\u001b[1A\u001b[2K\u001b[G\n● Webpack █████████████████████████ building (55%) 5/6 entries 436/436 depende\nncies 132/135 modules 3 active \n ...s-loader › resolve-url-loader › sass-loader › src/pages/index/index.module\n.scss\n\n","timestamp":1780652374199}
[17:39:34.577] [PAI SDK] Received event: log {"content":"\u001b[2K\u001b[1A\u001b[2K\u001b[1A\u001b[2K\u001b[1A\u001b[2K\u001b[1A\u001b[2K\u001b[1A\u001b[2K\u001b[1A\u001b[2K\u001b[G\n● Webpack █████████████████████████ sealing (75%) chunk optimization \n RemoveEmptyChunksPlugin\n\n","timestamp":1780652374254}
[17:39:34.628] [PAI SDK] Received event: log {"content":"\u001b[2K\u001b[1A\u001b[2K\u001b[1A\u001b[2K\u001b[1A\u001b[2K\u001b[1A\u001b[2K\u001b[G\n● Webpack █████████████████████████ sealing (87%)  \n code generation\n\n","timestamp":1780652374309}
[17:39:34.785] [PAI SDK] Received event: log {"content":"\u001b[2K\u001b[1A\u001b[2K\u001b[1A\u001b[2K\u001b[1A\u001b[2K\u001b[1A\u001b[2K\u001b[G\n● Webpack █████████████████████████ sealing (88%)  \n runtime requirements\n\n","timestamp":1780652374469}
[17:39:36.957] [PAI SDK] Received event: log {"content":"\u001b[2K\u001b[1A\u001b[2K\u001b[1A\u001b[2K\u001b[1A\u001b[2K\u001b[1A\u001b[2K\u001b[G\n● Webpack █████████████████████████ sealing (92%) asset processing \n CssMinimizerPlugin\n\n","timestamp":1780652376640}
[17:39:37.545] [PAI SDK] Received event: log {"content":"\u001b[2K\u001b[1A\u001b[2K\u001b[1A\u001b[2K\u001b[1A\u001b[2K\u001b[1A\u001b[2K\u001b[G\n● Webpack █████████████████████████ sealing (92%) asset processing \n RealContentHashPlugin\n\n","timestamp":1780652377191}
[17:39:37.557] [PAI SDK] Received event: log {"content":"\u001b[2K\u001b[1A\u001b[2K\u001b[1A\u001b[2K\u001b[1A\u001b[2K\u001b[1A\u001b[2K\u001b[G\n✔ Webpack\n  Compiled successfully in 6.95s\n\n","timestamp":1780652377203}
[17:39:43.820] [PAI SDK] Received event: mini_preview_error {"platform":"weapp","message":"生成二维码失败: Error: {\"errCode\":-10008,\"errMsg\":\"invalid ip: 180.184.96.69, reference: https://developers.weixin.qq.com/miniprogram/dev/devtools/ci.html\"}","buildId":"2026.06.05_17.39.25.735","timestamp":1780652383503}
[17:39:43.827] [PAI SDK] Received event: mini_preview_error {"platform":"weapp","message":"preview failed: 0","buildId":"2026.06.05_17.39.25.735","timestamp":1780652383509}
[17:39:43.828] [PAI SDK] cloudServer.generateMiniPreview response: {
  "ok": true
}
[17:49:40.035] [Preview Server] Frontend disconnected, clients size = 2
[17:55:41.640] File change detected. Updating...
[17:55:41.702] readProjectFiles, Found 20 files to read.
[17:55:41.828] Files read. Count: 20
[17:55:41.828] Calling pai.updateCloudDev...
[17:55:41.847] [PAI SDK] cloudServer.update called, appId: pai-preview-trae-eb8848c6
[17:55:42.165] [PAI SDK] Received event: reload {"url":"aipa://pai-preview-trae-eb8848c6.aipa-cloud.bytedance.net?type=pai","timestamp":1780653341849}
[17:55:42.166] [PAI SDK] CloudServer received reload event: {"url":"aipa://pai-preview-trae-eb8848c6.aipa-cloud.bytedance.net?type=pai","timestamp":1780653341849}
[17:55:42.166] [PAI SDK] reload, url = https://sd62opo6oqou1ckhsuo00.apigateway-cn-beijing.volceapi.com/?faasInstanceName=vefaas-f0vkicge-pyw70jixna-d8h8ncg2im59f5hb6fng-sandbox&hash=pai-preview-trae-eb8848c6
[17:55:42.166] [PAI SDK] cloudServer.update response: {
  "status": "running",
  "reload": false,
  "hash": "pai-preview-trae-eb8848c6"
}
[17:55:42.167] Update success (pai.updateCloudDev returned)
[17:55:42.599] [PAI SDK] Received event: log {"content":"<i> [webpack-dev-middleware] wait until bundle finished: /\n","timestamp":1780653342284}
[17:55:43.209] [PAI SDK] Received event: log {"content":"⚠️  编译警告. 6/5/2026, 5:55:42 PM\n\n","timestamp":1780653342895}
